Program Version,EnergyPlus, Version 25.1.0-68a4a7c774, YMD=2026.08.11 19:45,
   ** Warning ** Timestep: Requested number (1) is less than the suggested minimum of 4.
   **   ~~~   ** Please see entry for Timestep in Input/Output Reference for discussion of considerations.
   ************* Beginning Zone Sizing Calculations
   ** Warning ** Calculated design heating load for zone=HYBRID ZONE is zero.
   **   ~~~   ** Check Sizing:Zone and ZoneControl:Thermostat inputs.
   ************* Beginning System Sizing Calculations
   ** Warning ** ManageSizing: Calculated Heating Design Air Flow Rate for System=HYBRID ZONE AIR SYSTEM is zero.
   **   ~~~   ** Check Sizing:Zone and ZoneControl:Thermostat inputs.
   ************* Beginning Plant Sizing Calculations
   ** Warning ** SizeWaterCoil: Coil="HYBRID ZONE CW COOLING COIL", Cooling Coil has leaving humidity ratio > entering humidity ratio.
   **   ~~~   **     Wair,in =  8.500000E-003 [kgWater/kgDryAir]
   **   ~~~   **     Wair,out = 9.000000E-003 [kgWater/kgDryAir]
   **   ~~~   ** ....coil leaving humidity ratio will be reset to:
   **   ~~~   **     Wair,out = 8.500000E-003 [kgWater/kgDryAir]
   ** Warning ** The range for the cooling tower COOLING TOWER likely exceeds the bounds of the model. The maximum range of the model is used 22.2222.
   **   ~~~   **  ... Occurrence info = SAN DIEGO ANN CLG .4% CONDNS DB=>MWB, 08/21 00:00 - 01:00
   ** Warning ** GetPollutionFactorInput: Requested reporting for Carbon Equivalent Pollution, but insufficient information is entered.
   **   ~~~   ** Both "FuelFactors" and "EnvironmentalImpactFactors" must be entered or the displayed carbon pollution will all be zero.
   ************* Testing Individual Branch Integrity
   ************* All Branches passed integrity testing
   ************* Testing Individual Supply Air Path Integrity
   ************* All Supply Air Paths passed integrity testing
   ************* Testing Individual Return Air Path Integrity
   ************* All Return Air Paths passed integrity testing
   ************* No node connection errors were found.
   ************* Beginning Simulation
   ** Warning ** CoolingTower:VariableSpeed "COOLING TOWER" - Tower range temperature is outside model boundaries at 0.22.
   **   ~~~   **  ...Valid range = 1.11 to 22.22. Occurrence info = FULLYEAR, 04/13 16:00 - 17:00
   **   ~~~   **  ...Tower range temperature passed to the model = 0.21607
   **   ~~~   **  ...Range temperatures outside model boundaries may not adversely affect tower performance.
   **   ~~~   **  ...This is not an unexpected occurrence when simulating actual conditions.
   ** Warning ** Inside surface heat balance did not converge with Max Temp Difference [C] =0.164 vs Max Allowed Temp Diff [C] =2.000000E-003
   **   ~~~   **  Environment=FULLYEAR, at Simulation time=10/12 09:00 - 10:00
   ** Warning ** Inside surface heat balance did not converge with Max Temp Difference [C] =3.048E-002 vs Max Allowed Temp Diff [C] =2.000000E-003
   **   ~~~   **  Environment=FULLYEAR, at Simulation time=10/12 10:00 - 11:00
   ************* Simulation Error Summary *************
   *************
   ************* ===== Recurring Error Summary =====
   ************* The following recurring error messages occurred.
   *************
   *************  ** Warning ** CoolingTower:VariableSpeed "COOLING TOWER" - Tower range temperature is out of range error continues...
   *************  **   ~~~   **   This error occurred 1206 total times;
   *************  **   ~~~   **   during Warmup 0 times;
   *************  **   ~~~   **   during Sizing 0 times.
   *************  **   ~~~   **   Max=1.110866  Min=0.000353
   *************
   ************* EnergyPlus Warmup Error Summary. During Warmup: 0 Warning; 0 Severe Errors.
   ************* EnergyPlus Sizing Error Summary. During Sizing: 2 Warning; 0 Severe Errors.
   ************* EnergyPlus Completed Successfully-- 1215 Warning; 0 Severe Errors; Elapsed Time=00hr 00min  2.50sec
