Program Version,EnergyPlus, Version 25.1.0-68a4a7c774, YMD=2026.08.11 15:04,
   ** Warning ** Timestep: Requested number (1) is less than the suggested minimum of 4.
   **   ~~~   ** Please see entry for Timestep in Input/Output Reference for discussion of considerations.
   ************* Beginning Zone Sizing Calculations
   ** Warning ** Site:GroundTemperature:BuildingSurface: Some values fall outside the range of 15-25C.
   **   ~~~   ** These values may be inappropriate.  Please consult the Input Output Reference for more details.
   ** Warning ** Chiller:Electric, Adding OutdoorAir:Node=AIR COOLED CHILLER CONDENSER INLET NODE
   ** Warning ** Calculated design heating load for zone=DATA CENTER ZONE is zero.
   **   ~~~   ** Check Sizing:Zone and ZoneControl:Thermostat inputs.
   ************* Beginning System Sizing Calculations
   ** Warning ** ManageSizing: Calculated Heating Design Air Flow Rate for System=DATA CENTER AIR SYSTEM is zero.
   **   ~~~   ** Check Sizing:Zone and ZoneControl:Thermostat inputs.
   ************* Beginning Plant Sizing Calculations
   ** Warning ** GetPollutionFactorInput: Requested reporting for Carbon Equivalent Pollution, but insufficient information is entered.
   **   ~~~   ** Both "FuelFactors" and "EnvironmentalImpactFactors" must be entered or the displayed carbon pollution will all be zero.
   ************* Testing Individual Branch Integrity
   ************* All Branches passed integrity testing
   ************* Testing Individual Supply Air Path Integrity
   ************* All Supply Air Paths passed integrity testing
   ************* Testing Individual Return Air Path Integrity
   ************* All Return Air Paths passed integrity testing
   ************* No node connection errors were found.
   ************* Beginning Simulation
   ************* Simulation Error Summary *************
   ************* EnergyPlus Warmup Error Summary. During Warmup: 0 Warning; 0 Severe Errors.
   ************* EnergyPlus Sizing Error Summary. During Sizing: 4 Warning; 0 Severe Errors.
   ************* EnergyPlus Completed Successfully-- 6 Warning; 0 Severe Errors; Elapsed Time=00hr 00min  0.73sec
