Program Version,EnergyPlus, Version 25.1.0-68a4a7c774, YMD=2026.08.11 15:01,
   ** Warning ** Timestep: Requested number (1) is less than the suggested minimum of 4.
   **   ~~~   ** Please see entry for Timestep in Input/Output Reference for discussion of considerations.
   ** Warning ** ProcessScheduleInput: Schedule:Compact = ALWAYS ON
   **   ~~~   ** Schedule Type Limits Name = FRACTION, item not found.
   **   ~~~   ** Schedule will not be validated.
   ** Warning ** ProcessScheduleInput: Schedule:Compact = DATA CENTER OPERATION SCHEDULE
   **   ~~~   ** Schedule Type Limits Name = FRACTION, item not found.
   **   ~~~   ** Schedule will not be validated.
   ** Warning ** ProcessScheduleInput: Schedule:Compact = DATA CENTER CPU LOADING SCHEDULE
   **   ~~~   ** Schedule Type Limits Name = ANY NUMBER, item not found.
   **   ~~~   ** Schedule will not be validated.
   ** Warning ** ProcessScheduleInput: Schedule:Compact = LIGHTS-1
   **   ~~~   ** Schedule Type Limits Name = FRACTION, item not found.
   **   ~~~   ** Schedule will not be validated.
   ** Warning ** ProcessScheduleInput: Schedule:Compact = ZONE CONTROL TYPE SCHED
   **   ~~~   ** Schedule Type Limits Name = CONTROL TYPE, item not found.
   **   ~~~   ** Schedule will not be validated.
   ** Warning ** ProcessScheduleInput: Schedule:Compact = HEATING SETPOINTS
   **   ~~~   ** Schedule Type Limits Name = TEMPERATURE, item not found.
   **   ~~~   ** Schedule will not be validated.
   ** Warning ** ProcessScheduleInput: Schedule:Compact = COOLING SETPOINTS
   **   ~~~   ** Schedule Type Limits Name = TEMPERATURE, item not found.
   **   ~~~   ** Schedule will not be validated.
   ** Warning ** ProcessScheduleInput: Schedule:Compact = CW LOOP TEMP SCHEDULE
   **   ~~~   ** Schedule Type Limits Name = TEMPERATURE, item not found.
   **   ~~~   ** Schedule will not be validated.
   ** Warning ** ProcessScheduleInput: Schedule:Compact = OAFRACTIONSCHED
   **   ~~~   ** Schedule Type Limits Name = FRACTION, item not found.
   **   ~~~   ** Schedule will not be validated.
   ************* Beginning Zone Sizing Calculations
   ** Warning ** Site:GroundTemperature:BuildingSurface: Some values fall outside the range of 15-25C.
   **   ~~~   ** These values may be inappropriate.  Please consult the Input Output Reference for more details.
   ** Warning ** Chiller:Electric, Adding OutdoorAir:Node=AIR COOLED CHILLER CONDENSER INLET NODE
   ** Warning ** Calculated design heating load for zone=DATA CENTER ZONE is zero.
   **   ~~~   ** Check Sizing:Zone and ZoneControl:Thermostat inputs.
   ************* Beginning System Sizing Calculations
   ** Warning ** ManageSizing: Calculated Heating Design Air Flow Rate for System=DATA CENTER AIR SYSTEM is zero.
   **   ~~~   ** Check Sizing:Zone and ZoneControl:Thermostat inputs.
   ************* Beginning Plant Sizing Calculations
   ** Warning ** GetPollutionFactorInput: Requested reporting for Carbon Equivalent Pollution, but insufficient information is entered.
   **   ~~~   ** Both "FuelFactors" and "EnvironmentalImpactFactors" must be entered or the displayed carbon pollution will all be zero.
   ************* Testing Individual Branch Integrity
   ************* All Branches passed integrity testing
   ************* Testing Individual Supply Air Path Integrity
   ************* All Supply Air Paths passed integrity testing
   ************* Testing Individual Return Air Path Integrity
   ************* All Return Air Paths passed integrity testing
   ************* No node connection errors were found.
   ************* Beginning Simulation
   ** Warning ** CalcElectricChillerModel - Chiller:Electric "AIR COOLED CHILLER" - Air Cooled Condenser Inlet Temperature below 0C.
   **   ~~~   ** ... Outdoor Dry-bulb Condition = -18.00 C. Occurrence info = FULLYEAR, 01/01 00:00 - 01:00
   ** Warning ** WetBulb not converged after 101 iterations(PsyTwbFnTdbWPb)
   **   ~~~   **  Routine=Unknown, Environment=FULLYEAR, at Simulation time=03/14 12:00 - 13:00
   **   ~~~   **  Input Temperature = 6.69
   **   ~~~   **  Input Humidity Ratio= 1.927576E-003
   **   ~~~   **  Input Pressure = 82600.00
   **   ~~~   **  Resultant Temperature= 5.56E-003
   ************* Simulation Error Summary *************
   *************
   ************* ===== Recurring Error Summary =====
   ************* The following recurring error messages occurred.
   *************
   *************  ** Warning ** CalcElectricChillerModel - Chiller:Electric "AIR COOLED CHILLER" - Air Cooled Condenser Inlet Temperature below 0C error continues.
   *************  **   ~~~   **   This error occurred 923 total times;
   *************  **   ~~~   **   during Warmup 0 times;
   *************  **   ~~~   **   during Sizing 0 times.
   *************  **   ~~~   **   Max=-0.300000 [C]  Min=-18.300000 [C]
   *************
   *************  ** Warning ** WetBulb not converged after max iterations(PsyTwbFnTdbWPb)
   *************  **   ~~~   **   This error occurred 1 total times;
   *************  **   ~~~   **   during Warmup 0 times;
   *************  **   ~~~   **   during Sizing 0 times.
   *************
   ************* EnergyPlus Warmup Error Summary. During Warmup: 0 Warning; 0 Severe Errors.
   ************* EnergyPlus Sizing Error Summary. During Sizing: 4 Warning; 0 Severe Errors.
   ************* EnergyPlus Completed Successfully-- 940 Warning; 0 Severe Errors; Elapsed Time=00hr 00min  0.81sec
