Program Version,EnergyPlus, Version 25.1.0-68a4a7c774, YMD=2026.08.11 19:45,
   ** Warning ** Timestep: Requested number (1) is less than the suggested minimum of 4.
   **   ~~~   ** Please see entry for Timestep in Input/Output Reference for discussion of considerations.
   ************* Beginning Zone Sizing Calculations
   ** Warning ** Site:GroundTemperature:BuildingSurface: Some values fall outside the range of 15-25C.
   **   ~~~   ** These values may be inappropriate.  Please consult the Input Output Reference for more details.
   ** Warning ** Calculated design heating load for zone=HYBRID ZONE is zero.
   **   ~~~   ** Check Sizing:Zone and ZoneControl:Thermostat inputs.
   ************* Beginning System Sizing Calculations
   ** Warning ** ManageSizing: Calculated Heating Design Air Flow Rate for System=HYBRID ZONE AIR SYSTEM is zero.
   **   ~~~   ** Check Sizing:Zone and ZoneControl:Thermostat inputs.
   ************* Beginning Plant Sizing Calculations
   ** Warning ** SizeWaterCoil: Coil="HYBRID ZONE CW COOLING COIL", Cooling Coil has leaving humidity ratio > entering humidity ratio.
   **   ~~~   **     Wair,in =  8.500000E-003 [kgWater/kgDryAir]
   **   ~~~   **     Wair,out = 9.000000E-003 [kgWater/kgDryAir]
   **   ~~~   ** ....coil leaving humidity ratio will be reset to:
   **   ~~~   **     Wair,out = 8.500000E-003 [kgWater/kgDryAir]
   ** Warning ** GetPollutionFactorInput: Requested reporting for Carbon Equivalent Pollution, but insufficient information is entered.
   **   ~~~   ** Both "FuelFactors" and "EnvironmentalImpactFactors" must be entered or the displayed carbon pollution will all be zero.
   ************* Testing Individual Branch Integrity
   ************* All Branches passed integrity testing
   ************* Testing Individual Supply Air Path Integrity
   ************* All Supply Air Paths passed integrity testing
   ************* Testing Individual Return Air Path Integrity
   ************* All Return Air Paths passed integrity testing
   ************* No node connection errors were found.
   ************* Beginning Simulation
   ** Warning ** CoolingTower:VariableSpeed "COOLING TOWER" - Tower range temperature is outside model boundaries at 1.07.
   **   ~~~   **  ...Valid range = 1.11 to 22.22. Occurrence info = FULLYEAR, 04/15 17:00 - 18:00
   **   ~~~   **  ...Tower range temperature passed to the model = 1.07013
   **   ~~~   **  ...Range temperatures outside model boundaries may not adversely affect tower performance.
   **   ~~~   **  ...This is not an unexpected occurrence when simulating actual conditions.
   ** Warning ** CoolingTower:VariableSpeed "COOLING TOWER" - Inlet air wet-bulb temperature is outside model boundaries at 26.67.
   **   ~~~   **  ...Valid range = -34.40 to 26.67. Occurrence info = FULLYEAR, 07/04 10:00 - 11:00
   **   ~~~   **  ...Inlet air wet-bulb temperature passed to the model = 26.666700
   **   ~~~   **  ...Wet-bulb temperatures outside model boundaries may not adversely affect tower performance.
   ** Warning ** SolveAirLoopControllers: Maximum iterations (50) exceeded for HYBRID ZONE AIR SYSTEM, HYBRID CW COIL CONTROLLER, at FULLYEAR, 07/10 21:00 - 22:00
   ** Warning ** CoolingTower:VariableSpeed "COOLING TOWER" - Inlet air wet-bulb temperature is outside model boundaries at 26.80.
   **   ~~~   **  ...Valid range = -34.40 to 26.67. Occurrence info = FULLYEAR, 08/01 13:00 - 14:00
   **   ~~~   **  ...Inlet air wet-bulb temperature passed to the model = 26.666700
   **   ~~~   **  ...Wet-bulb temperatures outside model boundaries may not adversely affect tower performance.
   ************* Simulation Error Summary *************
   *************
   ************* ===== Recurring Error Summary =====
   ************* The following recurring error messages occurred.
   *************
   *************  ** Warning ** CoolingTower:VariableSpeed "COOLING TOWER" - Tower range temperature is out of range error continues...
   *************  **   ~~~   **   This error occurred 352 total times;
   *************  **   ~~~   **   during Warmup 0 times;
   *************  **   ~~~   **   during Sizing 0 times.
   *************  **   ~~~   **   Max=1.108583  Min=0.000579
   *************
   ************* EnergyPlus Warmup Error Summary. During Warmup: 0 Warning; 0 Severe Errors.
   ************* EnergyPlus Sizing Error Summary. During Sizing: 3 Warning; 0 Severe Errors.
   ************* EnergyPlus Completed Successfully-- 362 Warning; 0 Severe Errors; Elapsed Time=00hr 00min  2.35sec
