Program Version,EnergyPlus, Version 25.1.0-68a4a7c774, YMD=2026.08.11 19:45,
   ** Warning ** Timestep: Requested number (1) is less than the suggested minimum of 4.
   **   ~~~   ** Please see entry for Timestep in Input/Output Reference for discussion of considerations.
   ************* Beginning Zone Sizing Calculations
   ** Warning ** Site:GroundTemperature:BuildingSurface: Some values fall outside the range of 15-25C.
   **   ~~~   ** These values may be inappropriate.  Please consult the Input Output Reference for more details.
   ** Warning ** Calculated design heating load for zone=HYBRID ZONE is zero.
   **   ~~~   ** Check Sizing:Zone and ZoneControl:Thermostat inputs.
   ************* Beginning System Sizing Calculations
   ** Warning ** ManageSizing: Calculated Heating Design Air Flow Rate for System=HYBRID ZONE AIR SYSTEM is zero.
   **   ~~~   ** Check Sizing:Zone and ZoneControl:Thermostat inputs.
   ************* Beginning Plant Sizing Calculations
   ** Warning ** SizeWaterCoil: Coil="HYBRID ZONE CW COOLING COIL", Cooling Coil has leaving humidity ratio > entering humidity ratio.
   **   ~~~   **     Wair,in =  8.500000E-003 [kgWater/kgDryAir]
   **   ~~~   **     Wair,out = 9.000000E-003 [kgWater/kgDryAir]
   **   ~~~   ** ....coil leaving humidity ratio will be reset to:
   **   ~~~   **     Wair,out = 8.500000E-003 [kgWater/kgDryAir]
   ** Warning ** GetPollutionFactorInput: Requested reporting for Carbon Equivalent Pollution, but insufficient information is entered.
   **   ~~~   ** Both "FuelFactors" and "EnvironmentalImpactFactors" must be entered or the displayed carbon pollution will all be zero.
   ************* Testing Individual Branch Integrity
   ************* All Branches passed integrity testing
   ************* Testing Individual Supply Air Path Integrity
   ************* All Supply Air Paths passed integrity testing
   ************* Testing Individual Return Air Path Integrity
   ************* All Return Air Paths passed integrity testing
   ************* No node connection errors were found.
   ************* Beginning Simulation
   ** Warning ** WetBulb not converged after 101 iterations(PsyTwbFnTdbWPb)
   **   ~~~   **  Routine=Unknown, Environment=FULLYEAR, at Simulation time=03/14 12:00 - 13:00
   **   ~~~   **  Input Temperature = 6.69
   **   ~~~   **  Input Humidity Ratio= 1.927576E-003
   **   ~~~   **  Input Pressure = 82600.00
   **   ~~~   **  Resultant Temperature= 5.56E-003
   ** Warning ** CoolingTower:VariableSpeed "COOLING TOWER" - Tower range temperature is outside model boundaries at 0.80.
   **   ~~~   **  ...Valid range = 1.11 to 22.22. Occurrence info = FULLYEAR, 06/05 15:00 - 16:00
   **   ~~~   **  ...Tower range temperature passed to the model = 0.80404
   **   ~~~   **  ...Range temperatures outside model boundaries may not adversely affect tower performance.
   **   ~~~   **  ...This is not an unexpected occurrence when simulating actual conditions.
   ** Warning ** The range for the cooling tower COOLING TOWER likely exceeds the bounds of the model. The maximum range of the model is used 22.2222.
   **   ~~~   **  ... Occurrence info = FULLYEAR, 09/20 16:00 - 17:00
   ************* Simulation Error Summary *************
   *************
   ************* ===== Recurring Error Summary =====
   ************* The following recurring error messages occurred.
   *************
   *************  ** Warning ** WetBulb not converged after max iterations(PsyTwbFnTdbWPb)
   *************  **   ~~~   **   This error occurred 1 total times;
   *************  **   ~~~   **   during Warmup 0 times;
   *************  **   ~~~   **   during Sizing 0 times.
   *************
   *************  ** Warning ** CoolingTower:VariableSpeed "COOLING TOWER" - Tower range temperature is out of range error continues...
   *************  **   ~~~   **   This error occurred 32 total times;
   *************  **   ~~~   **   during Warmup 0 times;
   *************  **   ~~~   **   during Sizing 0 times.
   *************  **   ~~~   **   Max=1.080901  Min=0.099224
   *************
   ************* EnergyPlus Warmup Error Summary. During Warmup: 0 Warning; 0 Severe Errors.
   ************* EnergyPlus Sizing Error Summary. During Sizing: 3 Warning; 0 Severe Errors.
   ************* EnergyPlus Completed Successfully-- 41 Warning; 0 Severe Errors; Elapsed Time=00hr 00min  2.31sec
